/home/noushin/summerTask/Sub_Files/DEV-MUC3-0001
/home/noushin/summerTask/Sub_Files/DEV-MUC3-0002
/home/noushin/summerTask/Sub_Files/DEV-MUC3-0003
/home/noushin/summerTask/Sub_Files/DEV-MUC3-0004
/home/noushin/summerTask/Sub_Files/DEV-MUC3-0005
/home/noushin/summerTask/Sub_Files/DEV-MUC3-0006
/home/noushin/summerTask/Sub_Files/DEV-MUC3-0007
/home/noushin/summerTask/Sub_Files/DEV-MUC3-0008
/home/noushin/summerTask/Sub_Files/DEV-MUC3-0009
/home/noushin/summerTask/Sub_Files/DEV-MUC3-0010
/home/noushin/summerTask/Sub_Files/DEV-MUC3-0011
/home/noushin/summerTask/Sub_Files/DEV-MUC3-0012
/home/noushin/summerTask/Sub_Files/DEV-MUC3-0013
/home/noushin/summerTask/Sub_Files/DEV-MUC3-0014
/home/noushin/summerTask/Sub_Files/DEV-MUC3-0015
/home/noushin/summerTask/Sub_Files/DEV-MUC3-0016
/home/noushin/summerTask/Sub_Files/DEV-MUC3-0017
/home/noushin/summerTask/Sub_Files/DEV-MUC3-0018
/home/noushin/summerTask/Sub_Files/DEV-MUC3-0019
/home/noushin/summerTask/Sub_Files/DEV-MUC3-0020
/home/noushin/summerTask/Sub_Files/DEV-MUC3-0021
/home/noushin/summerTask/Sub_Files/DEV-MUC3-0022
/home/noushin/summerTask/Sub_Files/DEV-MUC3-0023
/home/noushin/summerTask/Sub_Files/DEV-MUC3-0024
/home/noushin/summerTask/Sub_Files/DEV-MUC3-0025
/home/noushin/summerTask/Sub_Files/DEV-MUC3-0026
/home/noushin/summerTask/Sub_Files/DEV-MUC3-0027
/home/noushin/summerTask/Sub_Files/DEV-MUC3-0028
/home/noushin/summerTask/Sub_Files/DEV-MUC3-0029
/home/noushin/summerTask/Sub_Files/DEV-MUC3-0030
/home/noushin/summerTask/Sub_Files/DEV-MUC3-0031
/home/noushin/summerTask/Sub_Files/DEV-MUC3-0032
/home/noushin/summerTask/Sub_Files/DEV-MUC3-0033
/home/noushin/summerTask/Sub_Files/DEV-MUC3-0034
/home/noushin/summerTask/Sub_Files/DEV-MUC3-0035
/home/noushin/summerTask/Sub_Files/DEV-MUC3-0036
/home/noushin/summerTask/Sub_Files/DEV-MUC3-0037
/home/noushin/summerTask/Sub_Files/DEV-MUC3-0038
/home/noushin/summerTask/Sub_Files/DEV-MUC3-0039
/home/noushin/summerTask/Sub_Files/DEV-MUC3-0040
/home/noushin/summerTask/Sub_Files/DEV-MUC3-0041
/home/noushin/summerTask/Sub_Files/DEV-MUC3-0042
/home/noushin/summerTask/Sub_Files/DEV-MUC3-0043
/home/noushin/summerTask/Sub_Files/DEV-MUC3-0044
/home/noushin/summerTask/Sub_Files/DEV-MUC3-0045
/home/noushin/summerTask/Sub_Files/DEV-MUC3-0046
/home/noushin/summerTask/Sub_Files/DEV-MUC3-0047
/home/noushin/summerTask/Sub_Files/DEV-MUC3-0048
/home/noushin/summerTask/Sub_Files/DEV-MUC3-0049
/home/noushin/summerTask/Sub_Files/DEV-MUC3-0050
/home/noushin/summerTask/Sub_Files/DEV-MUC3-0051
/home/noushin/summerTask/Sub_Files/DEV-MUC3-0052
/home/noushin/summerTask/Sub_Files/DEV-MUC3-0053
/home/noushin/summerTask/Sub_Files/DEV-MUC3-0054
/home/noushin/summerTask/Sub_Files/DEV-MUC3-0055
/home/noushin/summerTask/Sub_Files/DEV-MUC3-0056
/home/noushin/summerTask/Sub_Files/DEV-MUC3-0057
/home/noushin/summerTask/Sub_Files/DEV-MUC3-0058
/home/noushin/summerTask/Sub_Files/DEV-MUC3-0059
/home/noushin/summerTask/Sub_Files/DEV-MUC3-0060
/home/noushin/summerTask/Sub_Files/DEV-MUC3-0061
/home/noushin/summerTask/Sub_Files/DEV-MUC3-0062
/home/noushin/summerTask/Sub_Files/DEV-MUC3-0063
/home/noushin/summerTask/Sub_Files/DEV-MUC3-0064
/home/noushin/summerTask/Sub_Files/DEV-MUC3-0065
/home/noushin/summerTask/Sub_Files/DEV-MUC3-0066
/home/noushin/summerTask/Sub_Files/DEV-MUC3-0067
/home/noushin/summerTask/Sub_Files/DEV-MUC3-0068
/home/noushin/summerTask/Sub_Files/DEV-MUC3-0069
/home/noushin/summerTask/Sub_Files/DEV-MUC3-0070
/home/noushin/summerTask/Sub_Files/DEV-MUC3-0071
/home/noushin/summerTask/Sub_Files/DEV-MUC3-0072
/home/noushin/summerTask/Sub_Files/DEV-MUC3-0073
/home/noushin/summerTask/Sub_Files/DEV-MUC3-0074
/home/noushin/summerTask/Sub_Files/DEV-MUC3-0075
/home/noushin/summerTask/Sub_Files/DEV-MUC3-0076
/home/noushin/summerTask/Sub_Files/DEV-MUC3-0077
/home/noushin/summerTask/Sub_Files/DEV-MUC3-0078
/home/noushin/summerTask/Sub_Files/DEV-MUC3-0079
/home/noushin/summerTask/Sub_Files/DEV-MUC3-0080
/home/noushin/summerTask/Sub_Files/DEV-MUC3-0081
/home/noushin/summerTask/Sub_Files/DEV-MUC3-0082
/home/noushin/summerTask/Sub_Files/DEV-MUC3-0083
/home/noushin/summerTask/Sub_Files/DEV-MUC3-0084
/home/noushin/summerTask/Sub_Files/DEV-MUC3-0085
/home/noushin/summerTask/Sub_Files/DEV-MUC3-0086
/home/noushin/summerTask/Sub_Files/DEV-MUC3-0087
/home/noushin/summerTask/Sub_Files/DEV-MUC3-0088
/home/noushin/summerTask/Sub_Files/DEV-MUC3-0089
/home/noushin/summerTask/Sub_Files/DEV-MUC3-0090
/home/noushin/summerTask/Sub_Files/DEV-MUC3-0091
/home/noushin/summerTask/Sub_Files/DEV-MUC3-0092
/home/noushin/summerTask/Sub_Files/DEV-MUC3-0093
/home/noushin/summerTask/Sub_Files/DEV-MUC3-0094
/home/noushin/summerTask/Sub_Files/DEV-MUC3-0095
/home/noushin/summerTask/Sub_Files/DEV-MUC3-0096
/home/noushin/summerTask/Sub_Files/DEV-MUC3-0097
/home/noushin/summerTask/Sub_Files/DEV-MUC3-0098
/home/noushin/summerTask/Sub_Files/DEV-MUC3-0099
/home/noushin/summerTask/Sub_Files/DEV-MUC3-0100